// Jest Snapshot v1, https://goo.gl/fbAQLP

exports[`NavLinks should match the snapshot 1`] = `
<Fragment>
  <NavLink
    display="Home"
    key="Home"
    path="/"
  />
  <NavLink
    display="Work"
    key="Work"
    path="/work"
  />
  <NavLink
    display="Resume"
    key="Resume"
    path="/static/media/Resume.pdf"
    target="_blank"
  />
</Fragment>
`;
